15:28:11 **** Build of configuration Debug for project Project_Classic ****
make all 
C:/Xilinx/Vitis/2023.2/gnuwin/bin/make --no-print-directory pre-build
a9-linaro-pre-build-step
' '
C:/Xilinx/Vitis/2023.2/gnuwin/bin/make --no-print-directory main-build
'Building file: ../src/zybo_testapp.c'
'Invoking: ARM v7 gcc compiler'
arm-none-eabi-gcc -Wall -O0 -g3 -c -fmessage-length=0 -MT"src/zybo_testapp.o" -mcpu=cortex-a9 -mfpu=vfpv3 -mfloat-abi=hard -IH:/EGRE429/lab2/design_1_wrapper_classic/export/design_1_wrapper_classic/sw/design_1_wrapper_classic/standalone_ps7_cortexa9_0/bspinclude/include -MMD -MP -MF"src/zybo_testapp.d" -MT"src/zybo_testapp.o" -o "src/zybo_testapp.o" "../src/zybo_testapp.c"
'Finished building: ../src/zybo_testapp.c'
' '
'Building target: Project_Classic.elf'
'Invoking: ARM v7 gcc linker'
arm-none-eabi-gcc -mcpu=cortex-a9 -mfpu=vfpv3 -mfloat-abi=hard -Wl,-build-id=none -specs=Xilinx.spec -Wl,-T -Wl,../src/lscript.ld -LH:/EGRE429/lab2/design_1_wrapper_classic/export/design_1_wrapper_classic/sw/design_1_wrapper_classic/standalone_ps7_cortexa9_0/bsplib/lib -o "Project_Classic.elf"  ./src/zybo_testapp.o   -Wl,--start-group,-lxil,-lgcc,-lc,--end-group
'Finished building target: Project_Classic.elf'
' '
'Invoking: ARM v7 Print Size'
arm-none-eabi-size Project_Classic.elf  |tee "Project_Classic.elf.size"
   text	   data	    bss	    dec	    hex	filename
  38012	   1968	  22728	  62708	   f4f4	Project_Classic.elf
'Finished building: Project_Classic.elf.size'
' '

15:28:18 Build Finished (took 6s.891ms)

